10-Jun-2026 10:52:24.052 INFO [main] org.apache.catalina.startup.VersionLoggerListener.log Server version name:   Apache Tomcat/9.0.118
10-Jun-2026 10:52:24.078 INFO [main] org.apache.catalina.startup.VersionLoggerListener.log Server built:          May 1 2026 19:30:30 UTC
10-Jun-2026 10:52:24.079 INFO [main] org.apache.catalina.startup.VersionLoggerListener.log Server version number: 9.0.118.0
10-Jun-2026 10:52:24.082 INFO [main] org.apache.catalina.startup.VersionLoggerListener.log OS Name:               Windows 10
10-Jun-2026 10:52:24.084 INFO [main] org.apache.catalina.startup.VersionLoggerListener.log OS Version:            10.0
10-Jun-2026 10:52:24.084 INFO [main] org.apache.catalina.startup.VersionLoggerListener.log Architecture:          amd64
10-Jun-2026 10:52:24.084 INFO [main] org.apache.catalina.startup.VersionLoggerListener.log Java Home:             D:\JDKLibrary\jdk-21
10-Jun-2026 10:52:24.085 INFO [main] org.apache.catalina.startup.VersionLoggerListener.log JVM Version:           21+35-2513
10-Jun-2026 10:52:24.087 INFO [main] org.apache.catalina.startup.VersionLoggerListener.log JVM Vendor:            Oracle Corporation
10-Jun-2026 10:52:24.088 INFO [main] org.apache.catalina.startup.VersionLoggerListener.log CATALINA_BASE:         D:\Classic\VD\jav101-lab6-LQBAOBAO-cyber\.tomcat
10-Jun-2026 10:52:24.089 INFO [main] org.apache.catalina.startup.VersionLoggerListener.log CATALINA_HOME:         D:\apache-tomcat-9.0.118-windows-x64\apache-tomcat-9.0.118
10-Jun-2026 10:52:24.129 INFO [main] org.apache.catalina.startup.VersionLoggerListener.log Command line argument: --add-opens=java.base/java.lang=ALL-UNNAMED
10-Jun-2026 10:52:24.130 INFO [main] org.apache.catalina.startup.VersionLoggerListener.log Command line argument: --add-opens=java.base/java.io=ALL-UNNAMED
10-Jun-2026 10:52:24.130 INFO [main] org.apache.catalina.startup.VersionLoggerListener.log Command line argument: --add-opens=java.base/java.util=ALL-UNNAMED
10-Jun-2026 10:52:24.130 INFO [main] org.apache.catalina.startup.VersionLoggerListener.log Command line argument: --add-opens=java.base/java.util.concurrent=ALL-UNNAMED
10-Jun-2026 10:52:24.130 INFO [main] org.apache.catalina.startup.VersionLoggerListener.log Command line argument: --add-opens=java.rmi/sun.rmi.transport=ALL-UNNAMED
10-Jun-2026 10:52:24.130 INFO [main] org.apache.catalina.startup.VersionLoggerListener.log Command line argument: -Dcatalina.home=D:\apache-tomcat-9.0.118-windows-x64\apache-tomcat-9.0.118
10-Jun-2026 10:52:24.131 INFO [main] org.apache.catalina.startup.VersionLoggerListener.log Command line argument: -Dcatalina.base=D:\Classic\VD\jav101-lab6-LQBAOBAO-cyber\.tomcat
10-Jun-2026 10:52:24.131 INFO [main] org.apache.catalina.startup.VersionLoggerListener.log Command line argument: -Djava.io.tmpdir=D:\Classic\VD\jav101-lab6-LQBAOBAO-cyber\.tomcat\temp
10-Jun-2026 10:52:24.132 INFO [main] org.apache.catalina.startup.VersionLoggerListener.log Command line argument: -Djava.util.logging.config.file=D:\Classic\VD\jav101-lab6-LQBAOBAO-cyber\.tomcat\conf\logging.properties
10-Jun-2026 10:52:24.133 INFO [main] org.apache.catalina.startup.VersionLoggerListener.log Command line argument: -Djava.util.logging.manager=org.apache.juli.ClassLoaderLogManager
10-Jun-2026 10:52:24.133 INFO [main] org.apache.catalina.startup.VersionLoggerListener.log Command line argument: -javaagent:C:\Program Files\JetBrains\IntelliJ IDEA 2026.1.1\lib\idea_rt.jar=51141
10-Jun-2026 10:52:24.134 INFO [main] org.apache.catalina.startup.VersionLoggerListener.log Command line argument: -Dfile.encoding=UTF-8
10-Jun-2026 10:52:24.134 INFO [main] org.apache.catalina.startup.VersionLoggerListener.log Command line argument: -Dsun.stdout.encoding=UTF-8
10-Jun-2026 10:52:24.135 INFO [main] org.apache.catalina.startup.VersionLoggerListener.log Command line argument: -Dsun.stderr.encoding=UTF-8
10-Jun-2026 10:52:24.324 INFO [main] org.apache.catalina.core.AprLifecycleListener.lifecycleEvent Loaded Apache Tomcat Native library [1.3.7] using APR version [1.7.6].
10-Jun-2026 10:52:24.324 INFO [main] org.apache.catalina.core.AprLifecycleListener.lifecycleEvent APR capabilities: IPv6 [true], sendfile [true], accept filters [false], random [true], UDS [true].
10-Jun-2026 10:52:24.324 INFO [main] org.apache.catalina.core.AprLifecycleListener.lifecycleEvent APR/OpenSSL configuration: useAprConnector [false], useOpenSSL [true]
10-Jun-2026 10:52:24.365 INFO [main] org.apache.catalina.core.AprLifecycleListener.initializeSSL OpenSSL successfully initialized [OpenSSL 3.0.19 27 Jan 2026]
10-Jun-2026 10:52:26.084 INFO [main] org.apache.coyote.AbstractProtocol.init Initializing ProtocolHandler ["http-nio-8080"]
10-Jun-2026 10:52:26.292 INFO [main] org.apache.catalina.startup.Catalina.load Server initialization in [2984] milliseconds
10-Jun-2026 10:52:26.485 INFO [main] org.apache.catalina.core.StandardService.startInternal Starting service [Catalina]
10-Jun-2026 10:52:26.485 INFO [main] org.apache.catalina.core.StandardEngine.startInternal Starting Servlet engine: [Apache Tomcat/9.0.118]
10-Jun-2026 10:52:26.500 INFO [main] org.apache.catalina.startup.HostConfig.deployDescriptor Deploying deployment descriptor [D:\Classic\VD\jav101-lab6-LQBAOBAO-cyber\.tomcat\conf\Catalina\localhost\jav101-lab6-LQBAOBAO-cyber.xml]
10-Jun-2026 10:52:28.398 INFO [main] org.apache.jasper.servlet.TldScanner.scanJars At least one JAR was scanned for TLDs yet contained no TLDs. Enable debug logging for this logger for a complete list of JARs that were scanned but no TLDs were found in them. Skipping unneeded JARs during scanning can improve startup time and JSP compilation time.
10-Jun-2026 10:52:28.558 INFO [main] org.apache.catalina.startup.HostConfig.deployDescriptor Deployment of deployment descriptor [D:\Classic\VD\jav101-lab6-LQBAOBAO-cyber\.tomcat\conf\Catalina\localhost\jav101-lab6-LQBAOBAO-cyber.xml] has finished in [2,057] ms
10-Jun-2026 10:52:28.565 INFO [main] org.apache.coyote.AbstractProtocol.start Starting ProtocolHandler ["http-nio-8080"]
10-Jun-2026 10:52:28.595 INFO [main] org.apache.catalina.startup.Catalina.start Server startup in [2300] milliseconds
10-Jun-2026 10:52:57.096 INFO [Thread-1] org.apache.coyote.AbstractProtocol.pause Pausing ProtocolHandler ["http-nio-8080"]
10-Jun-2026 10:52:57.116 INFO [Thread-1] org.apache.catalina.core.StandardService.stopInternal Stopping service [Catalina]
10-Jun-2026 10:52:57.258 WARNING [Thread-1] org.apache.catalina.loader.WebappClassLoaderBase.clearReferencesJdbc The web application [jav101-lab6-LQBAOBAO-cyber] registered the JDBC driver [com.microsoft.sqlserver.jdbc.SQLServerDriver] but failed to unregister it when the web application was stopped. To prevent a memory leak, the JDBC Driver has been forcibly unregistered.
10-Jun-2026 10:52:57.268 SEVERE [Thread-1] org.apache.catalina.loader.WebappClassLoaderBase.checkThreadLocalMapForLeaks The web application [jav101-lab6-LQBAOBAO-cyber] created a ThreadLocal with key of type [com.microsoft.sqlserver.jdbc.ActivityCorrelator$1] (value [com.microsoft.sqlserver.jdbc.ActivityCorrelator$1@71e7e778]) and a value of type [com.microsoft.sqlserver.jdbc.ActivityId] (value [f1111569-3006-458d-a5e7-326a7deda612-1]) but failed to remove it when the web application was stopped. Threads are going to be renewed over time to try and avoid a probable memory leak.
10-Jun-2026 10:52:57.274 INFO [Thread-1] org.apache.coyote.AbstractProtocol.stop Stopping ProtocolHandler ["http-nio-8080"]
10-Jun-2026 10:52:57.294 INFO [Thread-1] org.apache.coyote.AbstractProtocol.destroy Destroying ProtocolHandler ["http-nio-8080"]
10-Jun-2026 11:27:53.246 INFO [main] org.apache.catalina.startup.VersionLoggerListener.log Server version name:   Apache Tomcat/9.0.118
10-Jun-2026 11:27:53.254 INFO [main] org.apache.catalina.startup.VersionLoggerListener.log Server built:          May 1 2026 19:30:30 UTC
10-Jun-2026 11:27:53.254 INFO [main] org.apache.catalina.startup.VersionLoggerListener.log Server version number: 9.0.118.0
10-Jun-2026 11:27:53.254 INFO [main] org.apache.catalina.startup.VersionLoggerListener.log OS Name:               Windows 10
10-Jun-2026 11:27:53.254 INFO [main] org.apache.catalina.startup.VersionLoggerListener.log OS Version:            10.0
10-Jun-2026 11:27:53.255 INFO [main] org.apache.catalina.startup.VersionLoggerListener.log Architecture:          amd64
10-Jun-2026 11:27:53.255 INFO [main] org.apache.catalina.startup.VersionLoggerListener.log Java Home:             D:\JDKLibrary\jdk-21
10-Jun-2026 11:27:53.255 INFO [main] org.apache.catalina.startup.VersionLoggerListener.log JVM Version:           21+35-2513
10-Jun-2026 11:27:53.255 INFO [main] org.apache.catalina.startup.VersionLoggerListener.log JVM Vendor:            Oracle Corporation
10-Jun-2026 11:27:53.255 INFO [main] org.apache.catalina.startup.VersionLoggerListener.log CATALINA_BASE:         D:\Classic\VD\jav101-lab6-LQBAOBAO-cyber\.tomcat
10-Jun-2026 11:27:53.256 INFO [main] org.apache.catalina.startup.VersionLoggerListener.log CATALINA_HOME:         D:\apache-tomcat-9.0.118-windows-x64\apache-tomcat-9.0.118
10-Jun-2026 11:27:53.272 INFO [main] org.apache.catalina.startup.VersionLoggerListener.log Command line argument: --add-opens=java.base/java.lang=ALL-UNNAMED
10-Jun-2026 11:27:53.272 INFO [main] org.apache.catalina.startup.VersionLoggerListener.log Command line argument: --add-opens=java.base/java.io=ALL-UNNAMED
10-Jun-2026 11:27:53.272 INFO [main] org.apache.catalina.startup.VersionLoggerListener.log Command line argument: --add-opens=java.base/java.util=ALL-UNNAMED
10-Jun-2026 11:27:53.273 INFO [main] org.apache.catalina.startup.VersionLoggerListener.log Command line argument: --add-opens=java.base/java.util.concurrent=ALL-UNNAMED
10-Jun-2026 11:27:53.273 INFO [main] org.apache.catalina.startup.VersionLoggerListener.log Command line argument: --add-opens=java.rmi/sun.rmi.transport=ALL-UNNAMED
10-Jun-2026 11:27:53.273 INFO [main] org.apache.catalina.startup.VersionLoggerListener.log Command line argument: -Dcatalina.home=D:\apache-tomcat-9.0.118-windows-x64\apache-tomcat-9.0.118
10-Jun-2026 11:27:53.273 INFO [main] org.apache.catalina.startup.VersionLoggerListener.log Command line argument: -Dcatalina.base=D:\Classic\VD\jav101-lab6-LQBAOBAO-cyber\.tomcat
10-Jun-2026 11:27:53.274 INFO [main] org.apache.catalina.startup.VersionLoggerListener.log Command line argument: -Djava.io.tmpdir=D:\Classic\VD\jav101-lab6-LQBAOBAO-cyber\.tomcat\temp
10-Jun-2026 11:27:53.274 INFO [main] org.apache.catalina.startup.VersionLoggerListener.log Command line argument: -Djava.util.logging.config.file=D:\Classic\VD\jav101-lab6-LQBAOBAO-cyber\.tomcat\conf\logging.properties
10-Jun-2026 11:27:53.274 INFO [main] org.apache.catalina.startup.VersionLoggerListener.log Command line argument: -Djava.util.logging.manager=org.apache.juli.ClassLoaderLogManager
10-Jun-2026 11:27:53.274 INFO [main] org.apache.catalina.startup.VersionLoggerListener.log Command line argument: -javaagent:C:\Program Files\JetBrains\IntelliJ IDEA 2026.1.1\lib\idea_rt.jar=51399
10-Jun-2026 11:27:53.274 INFO [main] org.apache.catalina.startup.VersionLoggerListener.log Command line argument: -Dfile.encoding=UTF-8
10-Jun-2026 11:27:53.274 INFO [main] org.apache.catalina.startup.VersionLoggerListener.log Command line argument: -Dsun.stdout.encoding=UTF-8
10-Jun-2026 11:27:53.275 INFO [main] org.apache.catalina.startup.VersionLoggerListener.log Command line argument: -Dsun.stderr.encoding=UTF-8
10-Jun-2026 11:27:53.281 INFO [main] org.apache.catalina.core.AprLifecycleListener.lifecycleEvent Loaded Apache Tomcat Native library [1.3.7] using APR version [1.7.6].
10-Jun-2026 11:27:53.282 INFO [main] org.apache.catalina.core.AprLifecycleListener.lifecycleEvent APR capabilities: IPv6 [true], sendfile [true], accept filters [false], random [true], UDS [true].
10-Jun-2026 11:27:53.282 INFO [main] org.apache.catalina.core.AprLifecycleListener.lifecycleEvent APR/OpenSSL configuration: useAprConnector [false], useOpenSSL [true]
10-Jun-2026 11:27:53.296 INFO [main] org.apache.catalina.core.AprLifecycleListener.initializeSSL OpenSSL successfully initialized [OpenSSL 3.0.19 27 Jan 2026]
10-Jun-2026 11:27:54.005 INFO [main] org.apache.coyote.AbstractProtocol.init Initializing ProtocolHandler ["http-nio-8080"]
10-Jun-2026 11:27:54.042 INFO [main] org.apache.catalina.startup.Catalina.load Server initialization in [1238] milliseconds
10-Jun-2026 11:27:54.119 INFO [main] org.apache.catalina.core.StandardService.startInternal Starting service [Catalina]
10-Jun-2026 11:27:54.119 INFO [main] org.apache.catalina.core.StandardEngine.startInternal Starting Servlet engine: [Apache Tomcat/9.0.118]
10-Jun-2026 11:27:54.135 INFO [main] org.apache.catalina.startup.HostConfig.deployDescriptor Deploying deployment descriptor [D:\Classic\VD\jav101-lab6-LQBAOBAO-cyber\.tomcat\conf\Catalina\localhost\jav101-lab6-LQBAOBAO-cyber.xml]
10-Jun-2026 11:27:55.657 INFO [main] org.apache.jasper.servlet.TldScanner.scanJars At least one JAR was scanned for TLDs yet contained no TLDs. Enable debug logging for this logger for a complete list of JARs that were scanned but no TLDs were found in them. Skipping unneeded JARs during scanning can improve startup time and JSP compilation time.
10-Jun-2026 11:27:55.810 INFO [main] org.apache.catalina.startup.HostConfig.deployDescriptor Deployment of deployment descriptor [D:\Classic\VD\jav101-lab6-LQBAOBAO-cyber\.tomcat\conf\Catalina\localhost\jav101-lab6-LQBAOBAO-cyber.xml] has finished in [1,674] ms
10-Jun-2026 11:27:55.818 INFO [main] org.apache.coyote.AbstractProtocol.start Starting ProtocolHandler ["http-nio-8080"]
10-Jun-2026 11:27:55.854 INFO [main] org.apache.catalina.startup.Catalina.start Server startup in [1809] milliseconds
10-Jun-2026 11:28:17.776 INFO [Thread-1] org.apache.coyote.AbstractProtocol.pause Pausing ProtocolHandler ["http-nio-8080"]
10-Jun-2026 11:28:17.786 INFO [Thread-1] org.apache.catalina.core.StandardService.stopInternal Stopping service [Catalina]
10-Jun-2026 11:28:17.833 WARNING [Thread-1] org.apache.catalina.loader.WebappClassLoaderBase.clearReferencesJdbc The web application [jav101-lab6-LQBAOBAO-cyber] registered the JDBC driver [com.microsoft.sqlserver.jdbc.SQLServerDriver] but failed to unregister it when the web application was stopped. To prevent a memory leak, the JDBC Driver has been forcibly unregistered.
10-Jun-2026 11:28:17.857 SEVERE [Thread-1] org.apache.catalina.loader.WebappClassLoaderBase.checkThreadLocalMapForLeaks The web application [jav101-lab6-LQBAOBAO-cyber] created a ThreadLocal with key of type [com.microsoft.sqlserver.jdbc.ActivityCorrelator$1] (value [com.microsoft.sqlserver.jdbc.ActivityCorrelator$1@1ef0572c]) and a value of type [com.microsoft.sqlserver.jdbc.ActivityId] (value [99d92221-78ca-42a4-95b7-596e6ea257f9-1]) but failed to remove it when the web application was stopped. Threads are going to be renewed over time to try and avoid a probable memory leak.
10-Jun-2026 11:28:17.861 SEVERE [Thread-1] org.apache.catalina.loader.WebappClassLoaderBase.checkThreadLocalMapForLeaks The web application [jav101-lab6-LQBAOBAO-cyber] created a ThreadLocal with key of type [com.microsoft.sqlserver.jdbc.ActivityCorrelator$1] (value [com.microsoft.sqlserver.jdbc.ActivityCorrelator$1@1ef0572c]) and a value of type [com.microsoft.sqlserver.jdbc.ActivityId] (value [f391dd9e-cb06-4bbb-850f-dcf6a757afe9-1]) but failed to remove it when the web application was stopped. Threads are going to be renewed over time to try and avoid a probable memory leak.
10-Jun-2026 11:28:17.873 SEVERE [Thread-1] org.apache.catalina.loader.WebappClassLoaderBase.checkThreadLocalMapForLeaks The web application [jav101-lab6-LQBAOBAO-cyber] created a ThreadLocal with key of type [com.microsoft.sqlserver.jdbc.ActivityCorrelator$1] (value [com.microsoft.sqlserver.jdbc.ActivityCorrelator$1@1ef0572c]) and a value of type [com.microsoft.sqlserver.jdbc.ActivityId] (value [96d3097c-5eb1-4143-a392-db4dd3518162-1]) but failed to remove it when the web application was stopped. Threads are going to be renewed over time to try and avoid a probable memory leak.
10-Jun-2026 11:28:17.876 SEVERE [Thread-1] org.apache.catalina.loader.WebappClassLoaderBase.checkThreadLocalMapForLeaks The web application [jav101-lab6-LQBAOBAO-cyber] created a ThreadLocal with key of type [com.microsoft.sqlserver.jdbc.ActivityCorrelator$1] (value [com.microsoft.sqlserver.jdbc.ActivityCorrelator$1@1ef0572c]) and a value of type [com.microsoft.sqlserver.jdbc.ActivityId] (value [c65d87b9-5818-4473-b635-8c339bbb4e36-1]) but failed to remove it when the web application was stopped. Threads are going to be renewed over time to try and avoid a probable memory leak.
10-Jun-2026 11:28:17.880 SEVERE [Thread-1] org.apache.catalina.loader.WebappClassLoaderBase.checkThreadLocalMapForLeaks The web application [jav101-lab6-LQBAOBAO-cyber] created a ThreadLocal with key of type [com.microsoft.sqlserver.jdbc.ActivityCorrelator$1] (value [com.microsoft.sqlserver.jdbc.ActivityCorrelator$1@1ef0572c]) and a value of type [com.microsoft.sqlserver.jdbc.ActivityId] (value [bf58da58-08da-4dda-b124-b49173dfc662-1]) but failed to remove it when the web application was stopped. Threads are going to be renewed over time to try and avoid a probable memory leak.
10-Jun-2026 11:28:17.886 SEVERE [Thread-1] org.apache.catalina.loader.WebappClassLoaderBase.checkThreadLocalMapForLeaks The web application [jav101-lab6-LQBAOBAO-cyber] created a ThreadLocal with key of type [com.microsoft.sqlserver.jdbc.ActivityCorrelator$1] (value [com.microsoft.sqlserver.jdbc.ActivityCorrelator$1@1ef0572c]) and a value of type [com.microsoft.sqlserver.jdbc.ActivityId] (value [7abfdef5-5653-4cdd-a082-07dd1f6c4d24-1]) but failed to remove it when the web application was stopped. Threads are going to be renewed over time to try and avoid a probable memory leak.
10-Jun-2026 11:28:17.887 SEVERE [Thread-1] org.apache.catalina.loader.WebappClassLoaderBase.checkThreadLocalMapForLeaks The web application [jav101-lab6-LQBAOBAO-cyber] created a ThreadLocal with key of type [com.microsoft.sqlserver.jdbc.ActivityCorrelator$1] (value [com.microsoft.sqlserver.jdbc.ActivityCorrelator$1@1ef0572c]) and a value of type [com.microsoft.sqlserver.jdbc.ActivityId] (value [e9c64da3-2d4b-486a-8f1a-38431e5902a6-1]) but failed to remove it when the web application was stopped. Threads are going to be renewed over time to try and avoid a probable memory leak.
10-Jun-2026 11:28:17.889 SEVERE [Thread-1] org.apache.catalina.loader.WebappClassLoaderBase.checkThreadLocalMapForLeaks The web application [jav101-lab6-LQBAOBAO-cyber] created a ThreadLocal with key of type [com.microsoft.sqlserver.jdbc.ActivityCorrelator$1] (value [com.microsoft.sqlserver.jdbc.ActivityCorrelator$1@1ef0572c]) and a value of type [com.microsoft.sqlserver.jdbc.ActivityId] (value [9d6b1448-1630-446d-99c1-2b824942d7be-1]) but failed to remove it when the web application was stopped. Threads are going to be renewed over time to try and avoid a probable memory leak.
10-Jun-2026 11:28:17.891 SEVERE [Thread-1] org.apache.catalina.loader.WebappClassLoaderBase.checkThreadLocalMapForLeaks The web application [jav101-lab6-LQBAOBAO-cyber] created a ThreadLocal with key of type [com.microsoft.sqlserver.jdbc.ActivityCorrelator$1] (value [com.microsoft.sqlserver.jdbc.ActivityCorrelator$1@1ef0572c]) and a value of type [com.microsoft.sqlserver.jdbc.ActivityId] (value [736f3a45-7e7f-4e82-a920-cdfc8d88843b-1]) but failed to remove it when the web application was stopped. Threads are going to be renewed over time to try and avoid a probable memory leak.
10-Jun-2026 11:28:17.901 INFO [Thread-1] org.apache.coyote.AbstractProtocol.stop Stopping ProtocolHandler ["http-nio-8080"]
10-Jun-2026 11:28:17.911 INFO [Thread-1] org.apache.coyote.AbstractProtocol.destroy Destroying ProtocolHandler ["http-nio-8080"]
